// Jest Snapshot v1, https://goo.gl/fbAQLP

exports[`CatalogLoaderProvider should load the CamelCatalogService 1`] = `
{
  "exchangeProperties": {
    "CamelStepId": {
      "autowired": false,
      "deprecated": false,
      "description": "The id of the Step EIP",
      "displayName": "Step Id",
      "index": 0,
      "javaType": "String",
      "kind": "exchangeProperty",
      "label": "producer",
      "required": false,
      "secret": false,
    },
  },
  "model": {
    "abstract": false,
    "deprecated": false,
    "description": "The Kaoto DataMapper maps and transforms data using a set of Camel processors",
    "input": true,
    "javaType": "org.apache.camel.model.StepDefinition",
    "kind": "model",
    "label": "transformation",
    "name": "kaoto-datamapper",
    "output": true,
    "supportLevel": "Stable",
    "title": "Kaoto DataMapper",
  },
  "properties": {
    "description": {
      "autowired": false,
      "deprecated": false,
      "description": "Sets the description of this node",
      "displayName": "Description",
      "group": "common",
      "index": 0,
      "javaType": "java.lang.String",
      "kind": "attribute",
      "required": false,
      "secret": false,
      "type": "string",
    },
    "disabled": {
      "autowired": false,
      "defaultValue": false,
      "deprecated": false,
      "description": "Whether to disable this EIP from the route during build time. Once an EIP has been disabled then it cannot be enabled later at runtime.",
      "displayName": "Disabled",
      "group": "advanced",
      "index": 1,
      "javaType": "java.lang.Boolean",
      "kind": "attribute",
      "label": "advanced",
      "required": false,
      "secret": false,
      "type": "boolean",
    },
    "outputs": {
      "autowired": false,
      "deprecated": false,
      "displayName": "Outputs",
      "group": "common",
      "index": 2,
      "javaType": "java.util.List",
      "kind": "element",
      "oneOf": [
        "aggregate",
        "bean",
        "choice",
        "circuitBreaker",
        "claimCheck",
        "convertBodyTo",
        "convertHeaderTo",
        "convertVariableTo",
        "delay",
        "doCatch",
        "doFinally",
        "doTry",
        "dynamicRouter",
        "enrich",
        "filter",
        "idempotentConsumer",
        "intercept",
        "interceptFrom",
        "interceptSendToEndpoint",
        "kamelet",
        "loadBalance",
        "log",
        "loop",
        "marshal",
        "multicast",
        "onCompletion",
        "onException",
        "onFallback",
        "otherwise",
        "pausable",
        "pipeline",
        "policy",
        "pollEnrich",
        "process",
        "recipientList",
        "removeHeader",
        "removeHeaders",
        "removeProperties",
        "removeProperty",
        "removeVariable",
        "resequence",
        "resumable",
        "rollback",
        "routingSlip",
        "saga",
        "sample",
        "script",
        "serviceCall",
        "setBody",
        "setExchangePattern",
        "setHeader",
        "setHeaders",
        "setProperty",
        "setVariable",
        "setVariables",
        "sort",
        "split",
        "step",
        "stop",
        "threads",
        "throttle",
        "throwException",
        "to",
        "toD",
        "transacted",
        "transform",
        "unmarshal",
        "validate",
        "when",
        "whenSkipSendToEndpoint",
        "wireTap",
      ],
      "required": true,
      "secret": false,
      "type": "array",
    },
  },
  "propertiesSchema": {
    "$comment": "steps",
    "$schema": "http://json-schema.org/draft-07/schema#",
    "additionalProperties": false,
    "description": "The Kaoto DataMapper maps and transforms data using a set of Camel processors",
    "properties": {
      "description": {
        "description": "Sets the description of this node",
        "group": "common",
        "title": "Description",
        "type": "string",
      },
      "disabled": {
        "description": "Whether to disable this EIP from the route during build time. Once an EIP has been disabled then it cannot be enabled later at runtime.",
        "group": "advanced",
        "title": "Disabled",
        "type": "boolean",
      },
    },
    "required": [],
    "title": "Kaoto DataMapper",
    "type": "object",
  },
}
`;

exports[`CatalogLoaderProvider should load the CamelCatalogService 2`] = `
{
  "exchangeProperties": {
    "CamelStepId": {
      "autowired": false,
      "deprecated": false,
      "description": "The id of the Step EIP",
      "displayName": "Step Id",
      "index": 0,
      "javaType": "String",
      "kind": "exchangeProperty",
      "label": "producer",
      "required": false,
      "secret": false,
    },
  },
  "model": {
    "abstract": false,
    "deprecated": false,
    "description": "The Kaoto DataMapper maps and transforms data using a set of Camel processors",
    "input": true,
    "javaType": "org.apache.camel.model.StepDefinition",
    "kind": "model",
    "label": "transformation",
    "name": "kaoto-datamapper",
    "output": true,
    "supportLevel": "Stable",
    "title": "Kaoto DataMapper",
  },
  "properties": {
    "description": {
      "autowired": false,
      "deprecated": false,
      "description": "Sets the description of this node",
      "displayName": "Description",
      "group": "common",
      "index": 0,
      "javaType": "java.lang.String",
      "kind": "attribute",
      "required": false,
      "secret": false,
      "type": "string",
    },
    "disabled": {
      "autowired": false,
      "defaultValue": false,
      "deprecated": false,
      "description": "Whether to disable this EIP from the route during build time. Once an EIP has been disabled then it cannot be enabled later at runtime.",
      "displayName": "Disabled",
      "group": "advanced",
      "index": 1,
      "javaType": "java.lang.Boolean",
      "kind": "attribute",
      "label": "advanced",
      "required": false,
      "secret": false,
      "type": "boolean",
    },
    "outputs": {
      "autowired": false,
      "deprecated": false,
      "displayName": "Outputs",
      "group": "common",
      "index": 2,
      "javaType": "java.util.List",
      "kind": "element",
      "oneOf": [
        "aggregate",
        "bean",
        "choice",
        "circuitBreaker",
        "claimCheck",
        "convertBodyTo",
        "convertHeaderTo",
        "convertVariableTo",
        "delay",
        "doCatch",
        "doFinally",
        "doTry",
        "dynamicRouter",
        "enrich",
        "filter",
        "idempotentConsumer",
        "intercept",
        "interceptFrom",
        "interceptSendToEndpoint",
        "kamelet",
        "loadBalance",
        "log",
        "loop",
        "marshal",
        "multicast",
        "onCompletion",
        "onException",
        "onFallback",
        "otherwise",
        "pausable",
        "pipeline",
        "policy",
        "pollEnrich",
        "process",
        "recipientList",
        "removeHeader",
        "removeHeaders",
        "removeProperties",
        "removeProperty",
        "removeVariable",
        "resequence",
        "resumable",
        "rollback",
        "routingSlip",
        "saga",
        "sample",
        "script",
        "serviceCall",
        "setBody",
        "setExchangePattern",
        "setHeader",
        "setHeaders",
        "setProperty",
        "setVariable",
        "setVariables",
        "sort",
        "split",
        "step",
        "stop",
        "threads",
        "throttle",
        "throwException",
        "to",
        "toD",
        "transacted",
        "transform",
        "unmarshal",
        "validate",
        "when",
        "whenSkipSendToEndpoint",
        "wireTap",
      ],
      "required": true,
      "secret": false,
      "type": "array",
    },
  },
  "propertiesSchema": {
    "$comment": "steps",
    "$schema": "http://json-schema.org/draft-07/schema#",
    "additionalProperties": false,
    "description": "The Kaoto DataMapper maps and transforms data using a set of Camel processors",
    "properties": {
      "description": {
        "description": "Sets the description of this node",
        "group": "common",
        "title": "Description",
        "type": "string",
      },
      "disabled": {
        "description": "Whether to disable this EIP from the route during build time. Once an EIP has been disabled then it cannot be enabled later at runtime.",
        "group": "advanced",
        "title": "Disabled",
        "type": "boolean",
      },
    },
    "required": [],
    "title": "Kaoto DataMapper",
    "type": "object",
  },
}
`;
